
  VITE v6.4.3  ready in 227 ms

  ➜  Local:   http://localhost:5173/
  ➜  Network: use --host to expose
Files in the public directory are served at the root path.
Instead of /public/compartido/entidades.js, use /compartido/entidades.js.
Files in the public directory are served at the root path.
Instead of /public/compartido/importador.js, use /compartido/importador.js.
Files in the public directory are served at the root path.
Instead of /public/compartido/entidades.js, use /compartido/entidades.js.
Files in the public directory are served at the root path.
Instead of /public/compartido/importador.js, use /compartido/importador.js.
Files in the public directory are served at the root path.
Instead of /public/compartido/entidades.js, use /compartido/entidades.js.
Files in the public directory are served at the root path.
Instead of /public/compartido/importador.js, use /compartido/importador.js.
Files in the public directory are served at the root path.
Instead of /public/compartido/entidades.js, use /compartido/entidades.js.
Files in the public directory are served at the root path.
Instead of /public/compartido/importador.js, use /compartido/importador.js.
Files in the public directory are served at the root path.
Instead of /public/compartido/entidades.js, use /compartido/entidades.js.
Files in the public directory are served at the root path.
Instead of /public/compartido/importador.js, use /compartido/importador.js.
Files in the public directory are served at the root path.
Instead of /public/compartido/entidades.js, use /compartido/entidades.js.
Files in the public directory are served at the root path.
Instead of /public/compartido/importador.js, use /compartido/importador.js.
8:27:43 PM [vite] (client) hmr update /src/ui/PiezaTooltip.jsx, /src/index.css
Files in the public directory are served at the root path.
Instead of /public/compartido/entidades.js, use /compartido/entidades.js.
Files in the public directory are served at the root path.
Instead of /public/compartido/importador.js, use /compartido/importador.js.
Files in the public directory are served at the root path.
Instead of /public/compartido/entidades.js, use /compartido/entidades.js.
Files in the public directory are served at the root path.
Instead of /public/compartido/importador.js, use /compartido/importador.js.
Files in the public directory are served at the root path.
Instead of /public/compartido/entidades.js, use /compartido/entidades.js.
Files in the public directory are served at the root path.
Instead of /public/compartido/importador.js, use /compartido/importador.js.
Files in the public directory are served at the root path.
Instead of /public/compartido/entidades.js, use /compartido/entidades.js.
Files in the public directory are served at the root path.
Instead of /public/compartido/importador.js, use /compartido/importador.js.
